
Processing Compilatore.C++...
Info in <TUnixSystem::ACLiC>: creating shared library /home/daq/Desktop/to_git/./Compilatore_C.so
Anaysis of file /media/daq/EXTERNAL_USB/DESY_TB7_DCRSD/raw/small_W3_A1_DC5FNAL_1950.root started
 
The output file will be: 
/media/daq/EXTERNAL_USB/DESY_TB7_DCRSD/stats/stats_W3_A1_DC5FNAL_1950_no_wt_RIGHTRANGE.root
 
0 0
processed events:0
-3.27506 -2.765
processed events:10000
-2.87838 -0.16243
processed events:20000
-1.73162 -2.94028
processed events:30000
-3.34662 -1.71896
processed events:40000
-0.98934 -1.35963
processed events:50000
-2.08942 -1.13805
processed events:60000
-0.97275 -0.50297
processed events:70000
processed events:80000
-3.31329 -1.76452
processed events:90000
-1.57917 -2.31739
processed events:100000
-1.59414 -0.82336
processed events:110000
-1.69348 -2.84941
processed events:120000
processed events:130000
-3.43855 -1.90039
processed events:140000
processed events:150000
-2.8906 -0.12073
processed events:160000
-1.30347 -3.04857
processed events:170000
-1.7099 -2.72625
processed events:180000
processed events:190000
processed events:200000
-2.32389 -0.94093
processed events:210000
-3.32905 -2.76353
processed events:220000
-3.0551 -2.38761
processed events:230000
-3.66977 -2.10444
processed events:240000
-3.22723 -1.03168
processed events:250000
-1.56225 -2.95089
processed events:260000
-1.32026 -0.58285
processed events:270000
-2.37546 -1.30602
processed events:280000
-3.39315 -2.20882
processed events:290000
-1.23591 -2.82105
processed events:300000

Processing Compilatore.C++...
Info in <TUnixSystem::ACLiC>: creating shared library /home/daq/Desktop/to_git/./Compilatore_C.so
Anaysis of file /media/daq/EXTERNAL_USB/DESY_TB7_DCRSD/raw/small_W3_A1_DC5FNAL_1961.root started
 
The output file will be: 
/media/daq/EXTERNAL_USB/DESY_TB7_DCRSD/stats/stats_W3_A1_DC5FNAL_1961_no_wt_RIGHTRANGE.root
 
0 0
processed events:0
-3.23237 -3.21777
processed events:10000
-2.15152 -2.07071
processed events:20000
-2.60415 -2.82637
processed events:30000
-1.16806 -1.79825
processed events:40000
-3.07634 -2.09801
processed events:50000
-1.42608 -3.0277
processed events:60000
-0.57324 -2.57004
processed events:70000
0.01331 -0.61007
processed events:80000
-1.42529 -0.45968
processed events:90000
-1.41539 -2.05605
processed events:100000
-1.12659 -1.4369
processed events:110000
-2.68232 -2.0919
processed events:120000
-0.71553 -1.30145
processed events:130000
-3.17595 -1.5778
processed events:140000
processed events:150000
-3.15378 -1.98125
processed events:160000
-0.09708 -2.32824
processed events:170000
-0.50112 -2.00896
processed events:180000
-0.35341 -2.557
processed events:190000
-1.71352 -1.72136
processed events:200000
   ------------------------------------------------------------------
  | Welcome to ROOT 6.24/06                        https://root.cern |
  | (c) 1995-2021, The ROOT Team; conception: R. Brun, F. Rademakers |
  | Built for linuxx8664gcc on Sep 02 2021, 14:20:23                 |
  | From tags/v6-24-06@v6-24-06                                      |
  | With                                                             |
  | Try '.help', '.demo', '.license', '.credits', '.quit'/'.q'       |
   ------------------------------------------------------------------


Processing Compilatore.C...
Anaysis of file /media/daq/EXTERNAL_USB/DESY_TB7_DCRSD/raw/small_W3_A1_DC5FNAL_1963.root started
 
The output file will be: 
/media/daq/EXTERNAL_USB/DESY_TB7_DCRSD/stats/stats_W3_A1_DC5FNAL_1963_no_wt_RIGHTRANGE.root
 
0 0
processed events:0
-1.53009 -1.74088
processed events:10000
-2.03336 -2.83207
processed events:20000
-1.72647 -3.383
processed events:30000
-1.62226 -0.31234
processed events:40000
-3.43045 -1.50749
processed events:50000
-3.05829 -2.71079
processed events:60000
-1.21932 -3.22415
processed events:70000
-1.81141 -2.20646
processed events:80000
-1.11116 0.15294
processed events:90000
0.13778 -2.22414
processed events:100000
-3.54204 -2.99757
processed events:110000
-1.40919 -1.69512
processed events:120000
processed events:130000
-1.24656 -1.89707
processed events:140000
-0.04468 -0.16822
processed events:150000
-3.65039 -3.19744
processed events:160000
-2.9448 -1.84372
processed events:170000
processed events:180000
-0.40444 -1.24851
processed events:190000
-0.83407 -0.17551
processed events:200000
-3.05293 -1.81097
processed events:210000
-2.78206 -0.69407
processed events:220000
-0.38007 -0.50303
processed events:230000
-0.94714 -0.14228
processed events:240000
-1.94642 -3.42892
processed events:250000
-0.12584 -0.76898
processed events:260000
processed events:270000
-2.73017 -3.35701
processed events:280000
-0.86285 -1.23772
processed events:290000
-3.21046 -0.53769
processed events:300000
-0.40004 -1.44751
processed events:310000
-0.98377 -1.78442
processed events:320000
-2.30425 -2.54357
processed events:330000
-2.7059 -0.09094
processed events:340000
processed events:350000
-0.09775 -1.99104
processed events:360000
-1.98102 -2.8718
processed events:370000
-3.3895 -1.7613
processed events:380000
-2.64898 -0.34599
processed events:390000
-2.67159 -2.64287
processed events:400000
-0.47334 -3.17474
processed events:410000
-1.21088 -2.71572
processed events:420000
-2.93936 -0.93426
processed events:430000
-2.36185 -2.44326
processed events:440000
-3.83264 -1.51361
processed events:450000
-2.80295 -1.50388
processed events:460000
processed events:470000
processed events:480000
-2.09593 -2.98513
processed events:490000
-0.9681 -1.16877
processed events:500000
-1.78977 -0.86438
processed events:510000
-1.06717 -0.42709
processed events:520000
-2.87531 -0.90155
processed events:530000
-2.12648 -1.09152
processed events:540000
-0.75777 -2.37541
processed events:550000
-2.43385 -0.72215
processed events:560000
